DqM0Kndkz1U {'lo': 'empty'}
RsLpvQwGdEU {'lo': 'empty'}
ERROR: Unable to download video subtitles for 'lo': HTTP Error 429: Too Many Requests
47BM01MAocA {'lo': 'empty'}
9X0FSJFq-k4 {'lo': 'empty'}
ZeVzTp1T7XI {}
ERROR: Unable to download video subtitles for 'lo': HTTP Error 429: Too Many Requests
ERROR: Unable to download video subtitles for 'lo': HTTP Error 429: Too Many Requests
ERROR: Unable to download video subtitles for 'lo': HTTP Error 429: Too Many Requests
ERROR: Unable to download video subtitles for 'lo': HTTP Error 429: Too Many Requests
k5N59T3ay-k {'lo': '429-gave-up'}
mp22eHRhsmM {}
r1AmBLHJ2Ro {}
Qe-M0fjP0PQ {}
5m74zCwNxpY {'lo': 'empty'}
-PJH8cU8M8k {'lo': 'empty'}
hL1WCU5Bq1Q {}
KkQO55HBhok {'lo': 'empty'}
ERROR: Unable to download video subtitles for 'lo': HTTP Error 429: Too Many Requests
ERROR: Unable to download video subtitles for 'lo': HTTP Error 429: Too Many Requests
ERROR: Unable to download video subtitles for 'lo': HTTP Error 429: Too Many Requests
ERROR: Unable to download video subtitles for 'lo': HTTP Error 429: Too Many Requests
BIAhi9MW5g0 {'lo': '429-gave-up'}
jYLmyWtqps8 {}
BfEUdQoXntE {}
ERROR: Unable to download video subtitles for 'lo': HTTP Error 429: Too Many Requests
ERROR: Unable to download video subtitles for 'lo': HTTP Error 429: Too Many Requests
ERROR: Unable to download video subtitles for 'lo': HTTP Error 429: Too Many Requests
1mTxz1hiVfI {'lo': 'empty'}
UqtkHpv6PJk {'lo': 'empty'}
uSnpKIrRK2w {'lo': 'empty'}
wfBiN0-ePUA {'lo': 'empty'}
CAPTION PASS DONE
